// Jest Snapshot v1, https://goo.gl/fbAQLP

exports[`Renders the App correctly 1`] = `
<div
  className="container"
>
  <div
    className="row justify-content-center mt-5"
  >
    <div
      className="col-md-6"
    >
      <div
        className="card border-0 shadow-lg"
      >
        <div
          className="card-header bg-primary text-white text-center"
        >
          <h3>
            Register
          </h3>
        </div>
        <div
          className="card-body"
        >
          <form>
            <div
              className="mb-3"
            >
              <div
                className="mb-3"
              >
                <label
                  className="form-label"
                  htmlFor="username"
                >
                  Name
                </label>
                <input
                  className="form-control"
                  id="name"
                  onChange={[Function]}
                  placeholder="Enter your name"
                  type="text"
                  value=""
                />
              </div>
              <label
                className="form-label"
                htmlFor="username"
              >
                Email
              </label>
              <input
                className="form-control"
                id="email"
                onChange={[Function]}
                placeholder="Enter your email"
                type="text"
                value=""
              />
            </div>
            <div
              className="mb-3"
            >
              <label
                className="form-label"
                htmlFor="password"
              >
                Password
              </label>
              <input
                className="form-control"
                id="password"
                onChange={[Function]}
                placeholder="Enter your password"
                type="password"
                value=""
              />
            </div>
            <div
              className="d-grid gap-2"
            >
              <button
                className="btn btn-primary"
                onClick={[Function]}
                type="submit"
              >
                Register
              </button>
            </div>
          </form>
        </div>
        <div
          className="card-footer text-center"
        >
          <small>
            Already have an account? 
            <a
              href="/login"
            >
              Click here
            </a>
          </small>
        </div>
      </div>
    </div>
  </div>
</div>
`;
